apiVersion: v1
kind: Namespace
metadata:
  annotations: {}
  labels:
    app.kubernetes.io/managed-by: commodore
    app.kubernetes.io/name: appuio-reporting
    app.kubernetes.io/part-of: syn
    name: vshn-sli-reporting
  name: vshn-sli-reporting
