apiVersion: v1
data: {}
kind: Secret
metadata:
  annotations: {}
  labels:
    app.kubernetes.io/managed-by: commodore
    app.kubernetes.io/name: appuio-reporting
    app.kubernetes.io/part-of: syn
    name: vshn-sli-reporting-auth
  name: vshn-sli-reporting-auth
  namespace: vshn-sli-reporting
stringData:
  password: null
  user: admin
type: Opaque
