apiVersion: v1
data: {}
kind: Secret
metadata:
  annotations: {}
  labels:
    app.kubernetes.io/managed-by: commodore
    app.kubernetes.io/name: appuio-reporting
    app.kubernetes.io/part-of: syn
    name: lieutenant-credentials
  name: lieutenant-credentials
  namespace: vshn-sli-reporting
stringData:
  k8s_url: null
  namespace: lieutenant
  sa_token: null
type: Opaque
