apiVersion: v1
kind: PersistentVolumeClaim
metadata:
  annotations: {}
  labels:
    app.kubernetes.io/managed-by: commodore
    app.kubernetes.io/name: appuio-reporting
    app.kubernetes.io/part-of: syn
    name: vshn-sli-reporting-db
  name: vshn-sli-reporting-db
spec:
  accessModes:
    - ReadWriteOnce
  resources:
    requests:
      storage: 1Gi
